## Isolate unit tests from developer .env Lakebase coordinates

Context: Running the full pytest suite locally could hang at ~1% when a
developer's ``.env`` exported ``LAKEBASE_*`` / ``PG*`` vars while pytest's
autouse fixture forced a fake ``DATABRICKS_HOST``. Registry triplet probes
then blocked on unreachable Lakebase auth. Two graph-engine config tests also
failed when ``LAKEBASE_DATABASE`` leaked into env overlays.

Changes:

1. tests/conftest.py
   Clear ``LAKEBASE_PROJECT``, ``LAKEBASE_BRANCH``, ``LAKEBASE_DATABASE``,
   ``PGHOST``, and ``PGDATABASE`` in the autouse ``setup_test_env`` fixture so
   unit tests stay hermetic.

Modified files:
- tests/conftest.py

Tests: uv run pytest -q -m "not scenario" → 3003 passed, 275 skipped, 5 deselected, 23 warnings in 22.81s

## Allow PAT-based deploy without forcing DEFAULT CLI profile

Context: `make deploy` failed authentication when `DEFAULT_DATABRICKS_PROFILE` was
empty but the bash `:-` fallback still forced the expired `DEFAULT` CLI profile,
ignoring exported `DATABRICKS_TOKEN`.

Changes:

1. scripts/deploy.config.sh
   Use `${DEFAULT_DATABRICKS_PROFILE-DEFAULT}` so an explicitly empty profile
   (PAT deploy) is preserved instead of collapsing to `DEFAULT`.

Modified files:
- scripts/deploy.config.sh

Tests: (same run as above — 3003 passed)
